// Jest Snapshot v1, https://goo.gl/fbAQLP

exports[`should get a snapshot 1`] = `
<DocumentFragment>
  <form
    class=""
  >
    <div>
      <div
        class="form-check"
      >
        <input
          class="form-check-input"
          id="terms-and-conditions"
          role="checkbox"
          type="checkbox"
        />
        <label
          class="form-check-label"
          for="terms-and-conditions"
          title=""
        >
          <span>
            I agree to
            <span
              style="color: blue;"
            >
              Terms and conditions
            </span>
          </span>
        </label>
      </div>
    </div>
    <button
      class="btn btn-primary"
      disabled=""
      role="button"
      type="submit"
    >
      Confirm order
    </button>
  </form>
</DocumentFragment>
`;
